../Core/Inc/DSPtoMCU.h:21:6:SIGMA_WRITE_REGISTER_BLOCK	72	dynamic
../Core/Inc/DSPtoMCU.h:39:6:SIGMA_READ_REGISTER_BYTES	48	static
../Core/Inc/DSPtoMCU.h:50:6:DSP_LED_PIN1	24	static
../Core/Inc/DSPtoMCU.h:60:6:DSP_LED_PIN10	24	static
../Core/Inc/DSPtoMCU.h:70:6:DSP_LED_PIN11	24	static
../Core/Inc/DSPtoMCU.h:80:7:DSP_Readback_1	24	static
../Core/Inc/DSPtoMCU.h:96:7:DSP_Readback_2	24	static
../Core/Inc/DSPtoMCU.h:112:7:DSP_Readback_3	24	static
../Core/Inc/DSPtoMCU.h:128:7:DSP_Readback_4	24	static
../Core/Inc/DSPtoMCU.h:144:6:DSP_TONE1_ON_OFF	40	static
../Core/Inc/DSPtoMCU.h:162:6:DSP_TONE1_CHANGE_FREQUENCY	40	static
../Core/Inc/DSPtoMCU.h:195:6:DSP_GAIN1_CHANGE_VALUE	24	static
../Core/Inc/DSPtoMCU.h:217:6:DSP_GAIN2_CHANGE_VALUE	24	static
../Core/Inc/DSPtoMCU.h:239:6:DSP_GAIN3_CHANGE_VALUE	24	static
../Core/Src/../Inc/Exports/DSP_2024_05_13_IC_1.h:2111:6:default_download_IC_1	8	static
../Core/Src/main.c:69:5:main	8	static
../Core/Src/main.c:121:6:SystemClock_Config	88	static
../Core/Src/main.c:163:13:MX_I2C2_Init	8	static
../Core/Src/main.c:215:13:MX_GPIO_Init	40	static
../Core/Src/main.c:246:6:MPU_Config	24	static
../Core/Src/main.c:277:6:Error_Handler	4	static,ignoring_inline_asm
